
**** 06/26/26 11:39:36 **** PSpice 23.1.0 (30 January 2024) *** ID# 0 ********

 ** Profile: "SCHEMATIC1-dfp"  [ c:\users\danie\onedrive - instituto superior de engenharia do porto\eleapl\2_parte\simu_pspice\2part


 ****     CIRCUIT DESCRIPTION


******************************************************************************




** Creating circuit file "dfp.cir" 
** WARNING: THIS AUTOMATICALLY GENERATED FILE MAY BE OVERWRITTEN BY SUBSEQUENT SIMULATIONS

*Libraries: 
* Profile Libraries :
* Local Libraries :
* From [PSPICE NETLIST] section of C:\cds_spb_home\cdssetup\OrCAD_PSpiceTIPSpice_Install\23.1.0\PSpice.ini file:
.lib "nom.lib" 
.lib "nom_pspti.lib" 

*Analysis directives: 
.DC LIN V_V6 0 5 0.5 
.OPTIONS ADVCONV
.OPTIONS FILEMODELSEARCH
.PROBE64 V(alias(*)) I(alias(*)) W(alias(*)) D(alias(*)) NOISE(alias(*)) 
.INC "..\SCHEMATIC1.net" 



**** INCLUDING SCHEMATIC1.net ****
* source 2PARTE_TRABALHO
V_V1         N14453 0 3.25Vdc
R_R1         N14453 N14460  200 TC=0,0 
D_D5         0 N14881 BZX84C10/ZTX 
X_U1         N14881 N15194 15 -15 N14966 TL081
Q_Q1         N15019 N14966 N15194 BC108A 
X_D6         15 N15019 LED PARAMS: I_REV_LEAK=10u CT_ZERO_VOLTS=50p V_BR=5
+  VJ_KNEE=2.5 VJ_SPEC=3.2 IF_SPEC=25m
X_D7         15 N15019 LED PARAMS: I_REV_LEAK=10u CT_ZERO_VOLTS=50p V_BR=5
+  VJ_KNEE=2.5 VJ_SPEC=3.2 IF_SPEC=25m
X_D8         15 N15019 LED PARAMS: I_REV_LEAK=10u CT_ZERO_VOLTS=50p V_BR=5
+  VJ_KNEE=2.5 VJ_SPEC=3.2 IF_SPEC=25m
V_V4         15 0 15Vdc
V_V5         -15 0 -15Vdc
R_R3         N18186 N14881  500 TC=0,0 
X_U2         N16471 N16351 15 -15 ACOND TL081
R_R4         0 N16351  10k TC=0,0 
R_R5         ACOND N16351  4.79k TC=0,0 
R_R6         N16471 15  27k TC=0,0 
R_R7         N16471 N16614  4.7k TC=0,0 
V_V6         N16614 0 0Vdc
R_R8         N18037 0  200 TC=0,0 
D_D9         N18037 N15194 BZX84C2V7/PLP 
D_D10         ACOND N18186 Dbreak 
X_D11         N14460 0 LED PARAMS: I_REV_LEAK=10u CT_ZERO_VOLTS=50p V_BR=5
+  VJ_KNEE=2.5 VJ_SPEC=3.2 IF_SPEC=25m
X_D13         N14460 0 LED PARAMS: I_REV_LEAK=10u CT_ZERO_VOLTS=50p V_BR=5
+  VJ_KNEE=2.5 VJ_SPEC=3.2 IF_SPEC=25m
X_D14         N14460 0 LED PARAMS: I_REV_LEAK=10u CT_ZERO_VOLTS=50p V_BR=5
+  VJ_KNEE=2.5 VJ_SPEC=3.2 IF_SPEC=25m

**** RESUMING dfp.cir ****
.END

WARNING(ORPSIM-15256): <X_D6.IF_SPEC> not a subcircuit param

WARNING(ORPSIM-15256): <X_D6.VJ_SPEC> not a subcircuit param

WARNING(ORPSIM-15256): <X_D6.VJ_KNEE> not a subcircuit param

WARNING(ORPSIM-15256): <X_D6.V_BR> not a subcircuit param

WARNING(ORPSIM-15256): <X_D6.CT_ZERO_VOLTS> not a subcircuit param

WARNING(ORPSIM-15256): <X_D6.I_REV_LEAK> not a subcircuit param

WARNING(ORPSIM-15256): <X_D7.IF_SPEC> not a subcircuit param

WARNING(ORPSIM-15256): <X_D7.VJ_SPEC> not a subcircuit param

WARNING(ORPSIM-15256): <X_D7.VJ_KNEE> not a subcircuit param

WARNING(ORPSIM-15256): <X_D7.V_BR> not a subcircuit param

WARNING(ORPSIM-15256): <X_D7.CT_ZERO_VOLTS> not a subcircuit param

WARNING(ORPSIM-15256): <X_D7.I_REV_LEAK> not a subcircuit param

WARNING(ORPSIM-15256): <X_D8.IF_SPEC> not a subcircuit param

WARNING(ORPSIM-15256): <X_D8.VJ_SPEC> not a subcircuit param

WARNING(ORPSIM-15256): <X_D8.VJ_KNEE> not a subcircuit param

WARNING(ORPSIM-15256): <X_D8.V_BR> not a subcircuit param

WARNING(ORPSIM-15256): <X_D8.CT_ZERO_VOLTS> not a subcircuit param

WARNING(ORPSIM-15256): <X_D8.I_REV_LEAK> not a subcircuit param

WARNING(ORPSIM-15256): <X_D11.IF_SPEC> not a subcircuit param

WARNING(ORPSIM-15256): <X_D11.VJ_SPEC> not a subcircuit param

WARNING(ORPSIM-15256): <X_D11.VJ_KNEE> not a subcircuit param

WARNING(ORPSIM-15256): <X_D11.V_BR> not a subcircuit param

WARNING(ORPSIM-15256): <X_D11.CT_ZERO_VOLTS> not a subcircuit param

WARNING(ORPSIM-15256): <X_D11.I_REV_LEAK> not a subcircuit param

WARNING(ORPSIM-15256): <X_D13.IF_SPEC> not a subcircuit param

WARNING(ORPSIM-15256): <X_D13.VJ_SPEC> not a subcircuit param

WARNING(ORPSIM-15256): <X_D13.VJ_KNEE> not a subcircuit param

WARNING(ORPSIM-15256): <X_D13.V_BR> not a subcircuit param

WARNING(ORPSIM-15256): <X_D13.CT_ZERO_VOLTS> not a subcircuit param

WARNING(ORPSIM-15256): <X_D13.I_REV_LEAK> not a subcircuit param

WARNING(ORPSIM-15256): <X_D14.IF_SPEC> not a subcircuit param

WARNING(ORPSIM-15256): <X_D14.VJ_SPEC> not a subcircuit param

WARNING(ORPSIM-15256): <X_D14.VJ_KNEE> not a subcircuit param

WARNING(ORPSIM-15256): <X_D14.V_BR> not a subcircuit param

WARNING(ORPSIM-15256): <X_D14.CT_ZERO_VOLTS> not a subcircuit param

WARNING(ORPSIM-15256): <X_D14.I_REV_LEAK> not a subcircuit param

**** 06/26/26 11:39:36 **** PSpice 23.1.0 (30 January 2024) *** ID# 0 ********

 ** Profile: "SCHEMATIC1-dfp"  [ c:\users\danie\onedrive - instituto superior de engenharia do porto\eleapl\2_parte\simu_pspice\2part


 ****     Diode MODEL PARAMETERS


******************************************************************************




               Dbreak          X_U1.DX         X_U2.DX         
          IS   10.000000E-15  800.000000E-18  800.000000E-18 
          RS     .1                                          
         CJO  100.000000E-15                                 


**** 06/26/26 11:39:36 **** PSpice 23.1.0 (30 January 2024) *** ID# 0 ********

 ** Profile: "SCHEMATIC1-dfp"  [ c:\users\danie\onedrive - instituto superior de engenharia do porto\eleapl\2_parte\simu_pspice\2part


 ****     Junction FET MODEL PARAMETERS


******************************************************************************




               X_U1.JX         X_U2.JX         
               PJF             PJF             
         VTO   -1              -1            
        BETA  270.100000E-06  270.100000E-06 
          IS   15.000000E-12   15.000000E-12 



          JOB CONCLUDED

**** 06/26/26 11:39:36 **** PSpice 23.1.0 (30 January 2024) *** ID# 0 ********

 ** Profile: "SCHEMATIC1-dfp"  [ c:\users\danie\onedrive - instituto superior de engenharia do porto\eleapl\2_parte\simu_pspice\2part


 ****     JOB STATISTICS SUMMARY


******************************************************************************



  Total job time (using Solver 1)   =         .34
